<acrn-config board="WL37-v2.4-0713">
	<BIOS_INFO>
	BIOS Information
	Vendor: American Megatrends Inc.
	Version: WL37R107
	Release Date: 06/24/2020
	BIOS Revision: 5.13
	</BIOS_INFO>

	<BASE_BOARD_INFO>
	Base Board Information
	Manufacturer: Maxtang
	Product Name: WL37
	Version: V1.0
	</BASE_BOARD_INFO>

	<PCI_DEVICE>
	00:00.0 Host bridge: Intel Corporation Coffee Lake HOST and DRAM Controller (rev 0c)
	00:02.0 VGA compatible controller: Intel Corporation UHD Graphics 620 (Whiskey Lake) (rev 02)
	Region 0: Memory at a0000000 (64-bit, non-prefetchable) [size=16M]
	Region 2: Memory at 90000000 (64-bit, prefetchable) [size=256M]
	00:12.0 Signal processing controller: Intel Corporation Cannon Point-LP Thermal Controller (rev 30)
	Region 0: Memory at a1348000 (64-bit, non-prefetchable) [size=4K]
	00:12.6 Serial bus controller [0c80]: Intel Corporation Device 9dfb (rev 30)
	Region 0: Memory at a1339000 (64-bit, non-prefetchable) [virtual] [size=4K]
	00:14.0 USB controller: Intel Corporation Cannon Point-LP USB 3.1 xHCI Controller (rev 30)
	Region 0: Memory at a1320000 (64-bit, non-prefetchable) [size=64K]
	00:14.2 RAM memory: Intel Corporation Cannon Point-LP Shared SRAM (rev 30)
	Region 0: Memory at a1336000 (64-bit, non-prefetchable) [disabled] [size=8K]
	Region 2: Memory at a1346000 (64-bit, non-prefetchable) [disabled] [size=4K]
	00:15.0 Serial bus controller [0c80]: Intel Corporation Cannon Point-LP Serial IO I2C Controller #0 (rev 30)
	Region 0: Memory at a133a000 (64-bit, non-prefetchable) [virtual] [size=4K]
	00:15.1 Serial bus controller [0c80]: Intel Corporation Cannon Point-LP Serial IO I2C Controller #1 (rev 30)
	Region 0: Memory at a133b000 (64-bit, non-prefetchable) [virtual] [size=4K]
	00:15.2 Serial bus controller [0c80]: Intel Corporation Device 9dea (rev 30)
	Region 0: Memory at a133c000 (64-bit, non-prefetchable) [virtual] [size=4K]
	00:15.3 Serial bus controller [0c80]: Intel Corporation Device 9deb (rev 30)
	Region 0: Memory at a133e000 (64-bit, non-prefetchable) [virtual] [size=4K]
	00:16.0 Communication controller: Intel Corporation Cannon Point-LP MEI Controller #1 (rev 30)
	Region 0: Memory at a1341000 (64-bit, non-prefetchable) [size=4K]
	00:17.0 SATA controller: Intel Corporation Cannon Point-LP SATA Controller [AHCI Mode] (rev 30)
	Region 0: Memory at a1334000 (32-bit, non-prefetchable) [size=8K]
	Region 1: Memory at a1340000 (32-bit, non-prefetchable) [size=256]
	Region 5: Memory at a133f000 (32-bit, non-prefetchable) [size=2K]
	00:19.0 Serial bus controller [0c80]: Intel Corporation Cannon Point-LP Serial IO I2C Host Controller (rev 30)
	Region 0: Memory at a1342000 (64-bit, non-prefetchable) [virtual] [size=4K]
	00:19.2 Communication controller: Intel Corporation Device 9dc7 (rev 30)
	Region 0: Memory at a133d000 (64-bit, non-prefetchable) [virtual] [size=4K]
	00:1c.0 PCI bridge: Intel Corporation Cannon Point-LP PCI Express Root Port #1 (rev f0)
	00:1c.6 PCI bridge: Intel Corporation Cannon Point-LP PCI Express Root Port #7 (rev f0)
	00:1c.7 PCI bridge: Intel Corporation Cannon Point PCI Express Root Port #8 (rev f0)
	00:1e.0 Communication controller: Intel Corporation Device 9da8 (rev 30)
	Region 0: Memory at a1343000 (64-bit, non-prefetchable) [virtual] [size=4K]
	00:1e.1 Communication controller: Intel Corporation Device 9da9 (rev 30)
	Region 0: Memory at a1344000 (64-bit, non-prefetchable) [virtual] [size=4K]
	00:1e.2 Serial bus controller [0c80]: Intel Corporation Device 9daa (rev 30)
	Region 0: Memory at a1345000 (64-bit, non-prefetchable) [virtual] [size=4K]
	00:1e.3 Serial bus controller [0c80]: Intel Corporation Device 9dab (rev 30)
	Region 0: Memory at a1347000 (64-bit, non-prefetchable) [virtual] [size=4K]
	00:1f.0 ISA bridge: Intel Corporation Cannon Point-LP LPC Controller (rev 30)
	00:1f.3 Audio device: Intel Corporation Cannon Point-LP High Definition Audio Controller (rev 30)
	Region 0: Memory at a1330000 (64-bit, non-prefetchable) [size=16K]
	Region 4: Memory at a1000000 (64-bit, non-prefetchable) [size=1M]
	00:1f.4 SMBus: Intel Corporation Cannon Point-LP SMBus Controller (rev 30)
	Region 0: Memory at a1338000 (64-bit, non-prefetchable) [size=256]
	00:1f.5 Serial bus controller [0c80]: Intel Corporation Cannon Point-LP SPI Controller (rev 30)
	Region 0: Memory at fe010000 (32-bit, non-prefetchable) [size=4K]
	00:1f.6 Ethernet controller: Intel Corporation Ethernet Connection (6) I219-LM (rev 30)
	Region 0: Memory at a1300000 (32-bit, non-prefetchable) [size=128K]
	02:00.0 Ethernet controller: Intel Corporation I210 Gigabit Network Connection (rev 03)
	Region 0: Memory at a1200000 (32-bit, non-prefetchable) [size=128K]
	Region 3: Memory at a1220000 (32-bit, non-prefetchable) [size=16K]
	03:00.0 Ethernet controller: Intel Corporation I210 Gigabit Network Connection (rev 03)
	Region 0: Memory at a1100000 (32-bit, non-prefetchable) [size=128K]
	Region 3: Memory at a1120000 (32-bit, non-prefetchable) [size=16K]
	</PCI_DEVICE>

	<PCI_VID_PID>
	00:00.0 0600: 8086:3e34 (rev 0c)
	00:02.0 0300: 8086:3ea0 (rev 02)
	00:12.0 1180: 8086:9df9 (rev 30)
	00:12.6 0c80: 8086:9dfb (rev 30)
	00:14.0 0c03: 8086:9ded (rev 30)
	00:14.2 0500: 8086:9def (rev 30)
	00:15.0 0c80: 8086:9de8 (rev 30)
	00:15.1 0c80: 8086:9de9 (rev 30)
	00:15.2 0c80: 8086:9dea (rev 30)
	00:15.3 0c80: 8086:9deb (rev 30)
	00:16.0 0780: 8086:9de0 (rev 30)
	00:17.0 0106: 8086:9dd3 (rev 30)
	00:19.0 0c80: 8086:9dc5 (rev 30)
	00:19.2 0780: 8086:9dc7 (rev 30)
	00:1c.0 0604: 8086:9db8 (rev f0)
	00:1c.6 0604: 8086:9dbe (rev f0)
	00:1c.7 0604: 8086:9dbf (rev f0)
	00:1e.0 0780: 8086:9da8 (rev 30)
	00:1e.1 0780: 8086:9da9 (rev 30)
	00:1e.2 0c80: 8086:9daa (rev 30)
	00:1e.3 0c80: 8086:9dab (rev 30)
	00:1f.0 0601: 8086:9d84 (rev 30)
	00:1f.3 0403: 8086:9dc8 (rev 30)
	00:1f.4 0c05: 8086:9da3 (rev 30)
	00:1f.5 0c80: 8086:9da4 (rev 30)
	00:1f.6 0200: 8086:15bd (rev 30)
	02:00.0 0200: 8086:157b (rev 03)
	03:00.0 0200: 8086:157b (rev 03)
	</PCI_VID_PID>

	<WAKE_VECTOR_INFO>
	#define WAKE_VECTOR_32          0x8A95C08CUL
	#define WAKE_VECTOR_64          0x8A95C098UL
	</WAKE_VECTOR_INFO>

	<RESET_REGISTER_INFO>
	#define RESET_REGISTER_ADDRESS  0xCF9UL
	#define RESET_REGISTER_SPACE_ID SPACE_SYSTEM_IO
	#define RESET_REGISTER_VALUE    0x6U
	</RESET_REGISTER_INFO>

	<PM_INFO>
	#define PM1A_EVT_SPACE_ID       SPACE_SYSTEM_IO
	#define PM1A_EVT_BIT_WIDTH      0x20U
	#define PM1A_EVT_BIT_OFFSET     0x0U
	#define PM1A_EVT_ADDRESS        0x1800UL
	#define PM1A_EVT_ACCESS_SIZE    0x2U
	#define PM1B_EVT_SPACE_ID       SPACE_SYSTEM_IO
	#define PM1B_EVT_BIT_WIDTH      0x0U
	#define PM1B_EVT_BIT_OFFSET     0x0U
	#define PM1B_EVT_ADDRESS        0x0UL
	#define PM1B_EVT_ACCESS_SIZE    0x2U
	#define PM1A_CNT_SPACE_ID       SPACE_SYSTEM_IO
	#define PM1A_CNT_BIT_WIDTH      0x10U
	#define PM1A_CNT_BIT_OFFSET     0x0U
	#define PM1A_CNT_ADDRESS        0x1804UL
	#define PM1A_CNT_ACCESS_SIZE    0x2U
	#define PM1B_CNT_SPACE_ID       SPACE_SYSTEM_IO
	#define PM1B_CNT_BIT_WIDTH      0x0U
	#define PM1B_CNT_BIT_OFFSET     0x0U
	#define PM1B_CNT_ADDRESS        0x0UL
	#define PM1B_CNT_ACCESS_SIZE    0x2U
	</PM_INFO>

	<S3_INFO>
	</S3_INFO>

	<S5_INFO>
	#define S5_PKG_VAL_PM1A         0x7U
	#define S5_PKG_VAL_PM1B         0U
	#define S5_PKG_RESERVED         0x0U
	</S5_INFO>

	<DRHD_INFO>
	#define DRHD_COUNT              2U

	#define DRHD0_DEV_CNT           0x1U
	#define DRHD0_SEGMENT           0x0U
	#define DRHD0_FLAGS             0x0U
	#define DRHD0_REG_BASE          0xFED90000UL
	#define DRHD0_IGNORE            true
	#define DRHD0_DEVSCOPE0_TYPE    0x1U
	#define DRHD0_DEVSCOPE0_ID      0x0U
	#define DRHD0_DEVSCOPE0_BUS     0x0U
	#define DRHD0_DEVSCOPE0_PATH    0x10U

	#define DRHD1_DEV_CNT           0x2U
	#define DRHD1_SEGMENT           0x0U
	#define DRHD1_FLAGS             0x1U
	#define DRHD1_REG_BASE          0xFED91000UL
	#define DRHD1_IGNORE            false
	#define DRHD1_DEVSCOPE0_TYPE    0x3U
	#define DRHD1_DEVSCOPE0_ID      0x2U
	#define DRHD1_DEVSCOPE0_BUS     0x0U
	#define DRHD1_DEVSCOPE0_PATH    0xf7U
	#define DRHD1_DEVSCOPE1_TYPE    0x4U
	#define DRHD1_DEVSCOPE1_ID      0x0U
	#define DRHD1_DEVSCOPE1_BUS     0x0U
	#define DRHD1_DEVSCOPE1_PATH    0xf6U

	</DRHD_INFO>

	<CPU_BRAND>
	"Intel(R) Core(TM) i7-8665U CPU @ 1.90GHz"
	</CPU_BRAND>

	<CX_INFO>
	{{SPACE_FFixedHW, 0x00U, 0x00U, 0x00U, 0x00UL}, 0x01U, 0x00U, 0x00U},	/* C1 */
	</CX_INFO>

	<PX_INFO>
	/* Px data is not available */
	</PX_INFO>

	<MMCFG_BASE_INFO>
	/* PCI mmcfg base of MCFG */
	#define DEFAULT_PCI_MMCFG_BASE   0xe0000000UL
	</MMCFG_BASE_INFO>

	<TPM_INFO>
	TPM2
	</TPM_INFO>

	<CLOS_INFO>
	</CLOS_INFO>

	<IOMEM_INFO>
	00000000-00000fff : Reserved
	00001000-0005efff : System RAM
	0005f000-0005ffff : Reserved
	00060000-0009ffff : System RAM
	000a0000-000fffff : Reserved
	  000a0000-000bffff : PCI Bus 0000:00
	  000c0000-000cffff : Video ROM
	  000f0000-000fffff : System ROM
	00100000-3fffffff : System RAM
	40000000-403fffff : Reserved
	  40000000-403fffff : pnp 00:00
	40400000-82855017 : System RAM
	82855018-82865e57 : System RAM
	82865e58-82866017 : System RAM
	82866018-82876657 : System RAM
	82876658-82877017 : System RAM
	82877018-82887057 : System RAM
	82887058-840c9fff : System RAM
	840ca000-840cafff : ACPI Non-volatile Storage
	840cb000-840cbfff : Reserved
	840cc000-8a034fff : System RAM
	8a035000-8a496fff : Reserved
	8a497000-8a513fff : ACPI Tables
	8a514000-8a95cfff : ACPI Non-volatile Storage
	8a95d000-8affdfff : Reserved
	8affe000-8affefff : System RAM
	8afff000-8fffffff : Reserved
	  8c000000-8fffffff : Graphics Stolen Memory
	90000000-dfffffff : PCI Bus 0000:00
	  90000000-9fffffff : 0000:00:02.0
	  a0000000-a0ffffff : 0000:00:02.0
	  a1000000-a10fffff : 0000:00:1f.3
	    a1000000-a10fffff : ICH HD audio
	  a1100000-a11fffff : PCI Bus 0000:03
	    a1100000-a111ffff : 0000:03:00.0
	      a1100000-a111ffff : igb
	    a1120000-a1123fff : 0000:03:00.0
	      a1120000-a1123fff : igb
	  a1200000-a12fffff : PCI Bus 0000:02
	    a1200000-a121ffff : 0000:02:00.0
	      a1200000-a121ffff : igb
	    a1220000-a1223fff : 0000:02:00.0
	      a1220000-a1223fff : igb
	  a1300000-a131ffff : 0000:00:1f.6
	    a1300000-a131ffff : e1000e
	  a1320000-a132ffff : 0000:00:14.0
	    a1320000-a132ffff : xhci-hcd
	  a1330000-a1333fff : 0000:00:1f.3
	    a1330000-a1333fff : ICH HD audio
	  a1334000-a1335fff : 0000:00:17.0
	    a1334000-a1335fff : ahci
	  a1336000-a1337fff : 0000:00:14.2
	  a1338000-a13380ff : 0000:00:1f.4
	  a1339000-a1339fff : 0000:00:12.6
	    a1339000-a13391ff : lpss_dev
	      a1339000-a13391ff : pxa2xx-spi.0 lpss_dev
	    a1339200-a13392ff : lpss_priv
	    a1339800-a1339fff : idma64.0
	      a1339800-a1339fff : idma64.0 idma64.0
	  a133a000-a133afff : 0000:00:15.0
	    a133a000-a133a1ff : lpss_dev
	      a133a000-a133a1ff : i2c_designware.1 lpss_dev
	    a133a200-a133a2ff : lpss_priv
	    a133a800-a133afff : idma64.1
	      a133a800-a133afff : idma64.1 idma64.1
	  a133b000-a133bfff : 0000:00:15.1
	    a133b000-a133b1ff : lpss_dev
	      a133b000-a133b1ff : i2c_designware.2 lpss_dev
	    a133b200-a133b2ff : lpss_priv
	    a133b800-a133bfff : idma64.2
	      a133b800-a133bfff : idma64.2 idma64.2
	  a133c000-a133cfff : 0000:00:15.2
	    a133c000-a133c1ff : lpss_dev
	      a133c000-a133c1ff : i2c_designware.3 lpss_dev
	    a133c200-a133c2ff : lpss_priv
	    a133c800-a133cfff : idma64.3
	      a133c800-a133cfff : idma64.3 idma64.3
	  a133d000-a133dfff : 0000:00:19.2
	    a133d000-a133d1ff : lpss_dev
	      a133d000-a133d01f : serial
	    a133d200-a133d2ff : lpss_priv
	  a133e000-a133efff : 0000:00:15.3
	    a133e000-a133e1ff : lpss_dev
	      a133e000-a133e1ff : i2c_designware.4 lpss_dev
	    a133e200-a133e2ff : lpss_priv
	    a133e800-a133efff : idma64.4
	      a133e800-a133efff : idma64.4 idma64.4
	  a133f000-a133f7ff : 0000:00:17.0
	    a133f000-a133f7ff : ahci
	  a1340000-a13400ff : 0000:00:17.0
	    a1340000-a13400ff : ahci
	  a1341000-a1341fff : 0000:00:16.0
	    a1341000-a1341fff : mei_me
	  a1342000-a1342fff : 0000:00:19.0
	    a1342000-a13421ff : lpss_dev
	      a1342000-a13421ff : i2c_designware.5 lpss_dev
	    a1342200-a13422ff : lpss_priv
	  a1343000-a1343fff : 0000:00:1e.0
	    a1343000-a13431ff : lpss_dev
	      a1343000-a134301f : serial
	    a1343200-a13432ff : lpss_priv
	    a1343800-a1343fff : idma64.7
	      a1343800-a1343fff : idma64.7 idma64.7
	  a1344000-a1344fff : 0000:00:1e.1
	    a1344000-a13441ff : lpss_dev
	      a1344000-a134401f : serial
	    a1344200-a13442ff : lpss_priv
	    a1344800-a1344fff : idma64.8
	      a1344800-a1344fff : idma64.8 idma64.8
	  a1345000-a1345fff : 0000:00:1e.2
	    a1345000-a13451ff : lpss_dev
	      a1345000-a13451ff : pxa2xx-spi.9 lpss_dev
	    a1345200-a13452ff : lpss_priv
	    a1345800-a1345fff : idma64.9
	      a1345800-a1345fff : idma64.9 idma64.9
	  a1346000-a1346fff : 0000:00:14.2
	  a1347000-a1347fff : 0000:00:1e.3
	    a1347000-a13471ff : lpss_dev
	      a1347000-a13471ff : pxa2xx-spi.10 lpss_dev
	    a1347200-a13472ff : lpss_priv
	    a1347800-a1347fff : idma64.10
	      a1347800-a1347fff : idma64.10 idma64.10
	  a1348000-a1348fff : 0000:00:12.0
	    a1348000-a1348fff : Intel PCH thermal driver
	e0000000-efffffff : PCI MMCONFIG 0000 [bus 00-ff]
	  e0000000-efffffff : Reserved
	    e0000000-efffffff : pnp 00:0b
	fc800000-fe7fffff : PCI Bus 0000:00
	  fd000000-fd69ffff : pnp 00:0c
	  fd6a0000-fd6affff : pnp 00:0e
	  fd6b0000-fd6cffff : pnp 00:0c
	  fd6d0000-fd6dffff : pnp 00:0e
	  fd6e0000-fd6effff : pnp 00:0e
	  fd6f0000-fdffffff : pnp 00:0c
	  fe000000-fe010fff : Reserved
	    fe010000-fe010fff : 0000:00:1f.5
	  fe200000-fe7fffff : pnp 00:0c
	fec00000-fec00fff : Reserved
	  fec00000-fec003ff : IOAPIC 0
	fed00000-fed003ff : HPET 0
	  fed00000-fed003ff : PNP0103:00
	fed10000-fed17fff : pnp 00:0b
	fed18000-fed18fff : pnp 00:0b
	fed19000-fed19fff : pnp 00:0b
	fed20000-fed3ffff : pnp 00:0b
	fed40000-fed44fff : MSFT0101:00
	  fed40000-fed44fff : MSFT0101:00
	fed45000-fed8ffff : pnp 00:0b
	fed90000-fed90fff : dmar0
	fed91000-fed91fff : dmar1
	fee00000-fee00fff : Local APIC
	  fee00000-fee00fff : Reserved
	ff000000-ffffffff : Reserved
	  ff000000-ffffffff : pnp 00:0c
	100000000-46dffffff : System RAM
	  1f3200000-1f4000db6 : Kernel code
	  1f4200000-1f4753fff : Kernel rodata
	  1f4800000-1f4a7a83f : Kernel data
	  1f4d34000-1f51fffff : Kernel bss
	46e000000-46fffffff : RAM buffer
	</IOMEM_INFO>

	<BLOCK_DEVICE_INFO>
	/dev/sda2: TYPE="ext4"
	</BLOCK_DEVICE_INFO>

	<TTYS_INFO>
	seri:/dev/ttyS4 type:portio base:0x240 irq:5
	seri:/dev/ttyS5 type:portio base:0x248 irq:5
	seri:/dev/ttyS6 type:portio base:0x250 irq:5
	seri:/dev/ttyS7 type:portio base:0x258 irq:5
	</TTYS_INFO>

	<AVAILABLE_IRQ_INFO>
	3, 4, 6, 7, 10, 11, 13, 14, 15
	</AVAILABLE_IRQ_INFO>

	<TOTAL_MEM_INFO>
	16262408 kB
	</TOTAL_MEM_INFO>

	<CPU_PROCESSOR_INFO>
	0, 1, 2, 3
	</CPU_PROCESSOR_INFO>

	<MAX_MSIX_TABLE_NUM>
	5
	</MAX_MSIX_TABLE_NUM>

	<RTCT>
	</RTCT>

</acrn-config>
