<acrn-config board="TGL-master">
	<BIOS_INFO>
	BIOS Information
	Vendor: American Megatrends International, LLC.
	Version: TL37I101
	Release Date: 04/16/2021
	BIOS Revision: 5.19
	</BIOS_INFO>

	<BASE_BOARD_INFO>
	Base Board Information
	Manufacturer: Maxtang
	Product Name: TL37
	Version: V1.0
	</BASE_BOARD_INFO>

	<PCI_DEVICE>
	00:00.0 Host bridge: Intel Corporation Device 9a14 (rev 01)
	00:02.0 VGA compatible controller: Intel Corporation Device 9a49 (rev 01)
	Region 0: Memory at 6000000000 (64-bit, non-prefetchable) [size=16M]
	Region 2: Memory at 4000000000 (64-bit, prefetchable) [size=256M]
	Region 0: Memory at 0000004010000000 (64-bit, non-prefetchable)
	Region 2: Memory at 0000004020000000 (64-bit, prefetchable)
	00:06.0 PCI bridge: Intel Corporation Device 9a09 (rev 01)
	00:0d.0 USB controller: Intel Corporation Device 9a13 (rev 01)
	Region 0: Memory at 6001110000 (64-bit, non-prefetchable) [size=64K]
	00:10.0 Serial bus controller [0c80]: Intel Corporation Device a0d8 (rev 20)
	Region 0: Memory at 4017000000 (64-bit, non-prefetchable) [size=4K]
	00:10.5 Host bridge: Intel Corporation Device a0af (rev 20)
	00:14.0 USB controller: Intel Corporation Device a0ed (rev 20)
	Region 0: Memory at 6001100000 (64-bit, non-prefetchable) [size=64K]
	00:14.2 RAM memory: Intel Corporation Device a0ef (rev 20)
	Region 0: Memory at 6001124000 (64-bit, non-prefetchable) [disabled] [size=16K]
	Region 2: Memory at 6001134000 (64-bit, non-prefetchable) [disabled] [size=4K]
	00:15.0 Serial bus controller [0c80]: Intel Corporation Device a0e8 (rev 20)
	Region 0: Memory at 4017001000 (64-bit, non-prefetchable) [virtual] [size=4K]
	00:15.1 Serial bus controller [0c80]: Intel Corporation Device a0e9 (rev 20)
	Region 0: Memory at 4017002000 (64-bit, non-prefetchable) [virtual] [size=4K]
	00:15.2 Serial bus controller [0c80]: Intel Corporation Device a0ea (rev 20)
	Region 0: Memory at 4017003000 (64-bit, non-prefetchable) [virtual] [size=4K]
	00:15.3 Serial bus controller [0c80]: Intel Corporation Device a0eb (rev 20)
	Region 0: Memory at 4017004000 (64-bit, non-prefetchable) [virtual] [size=4K]
	00:16.0 Communication controller: Intel Corporation Device a0e0 (rev 20)
	Region 0: Memory at 600112f000 (64-bit, non-prefetchable) [size=4K]
	00:17.0 SATA controller: Intel Corporation Device a0d3 (rev 20)
	Region 0: Memory at 50720000 (32-bit, non-prefetchable) [size=8K]
	Region 1: Memory at 50723000 (32-bit, non-prefetchable) [size=256]
	Region 5: Memory at 50722000 (32-bit, non-prefetchable) [size=2K]
	00:19.0 Serial bus controller [0c80]: Intel Corporation Device a0c5 (rev 20)
	Region 0: Memory at 4017005000 (64-bit, non-prefetchable) [virtual] [size=4K]
	00:19.2 Communication controller: Intel Corporation Device a0c7 (rev 20)
	Region 0: Memory at 4017006000 (64-bit, non-prefetchable) [virtual] [size=4K]
	00:1c.0 PCI bridge: Intel Corporation Device a0b8 (rev 20)
	00:1c.7 PCI bridge: Intel Corporation Device a0bf (rev 20)
	00:1d.0 PCI bridge: Intel Corporation Device a0b0 (rev 20)
	00:1d.1 PCI bridge: Intel Corporation Device a0b1 (rev 20)
	00:1e.0 Communication controller: Intel Corporation Device a0a8 (rev 20)
	Region 0: Memory at 4017007000 (64-bit, non-prefetchable) [virtual] [size=4K]
	00:1e.1 Communication controller: Intel Corporation Device a0a9 (rev 20)
	Region 0: Memory at 4017008000 (64-bit, non-prefetchable) [virtual] [size=4K]
	00:1e.2 Serial bus controller [0c80]: Intel Corporation Device a0aa (rev 20)
	Region 0: Memory at 4017009000 (64-bit, non-prefetchable) [virtual] [size=4K]
	00:1e.3 Serial bus controller [0c80]: Intel Corporation Device a0ab (rev 20)
	Region 0: Memory at 401700a000 (64-bit, non-prefetchable) [virtual] [size=4K]
	00:1f.0 ISA bridge: Intel Corporation Device a088 (rev 20)
	00:1f.3 Audio device: Intel Corporation Device a0c8 (rev 20)
	Region 0: Memory at 6001120000 (64-bit, non-prefetchable) [size=16K]
	Region 4: Memory at 6001000000 (64-bit, non-prefetchable) [size=1M]
	00:1f.4 SMBus: Intel Corporation Device a0a3 (rev 20)
	Region 0: Memory at 6001128000 (64-bit, non-prefetchable) [size=256]
	00:1f.5 Serial bus controller [0c80]: Intel Corporation Device a0a4 (rev 20)
	Region 0: Memory at 50724000 (32-bit, non-prefetchable) [size=4K]
	00:1f.6 Ethernet controller: Intel Corporation Ethernet Connection (13) I219-LM (rev 20)
	Region 0: Memory at 50700000 (32-bit, non-prefetchable) [size=128K]
	01:00.0 Non-Volatile memory controller: Intel Corporation SSD Pro 7600p/760p/E 6100p Series (rev 03)
	Region 0: Memory at 50600000 (64-bit, non-prefetchable) [size=16K]
	03:00.0 Ethernet controller: Intel Corporation I210 Gigabit Network Connection (rev 01)
	Region 0: Memory at 50500000 (32-bit, non-prefetchable) [size=512K]
	Region 3: Memory at 50580000 (32-bit, non-prefetchable) [size=16K]
	05:00.0 Ethernet controller: Intel Corporation I210 Gigabit Network Connection (rev 01)
	Region 0: Memory at 50400000 (32-bit, non-prefetchable) [size=512K]
	Region 3: Memory at 50480000 (32-bit, non-prefetchable) [size=16K]
	</PCI_DEVICE>

	<PCI_VID_PID>
	00:00.0 0600: 8086:9a14 (rev 01)
	00:02.0 0300: 8086:9a49 (rev 01)
	00:06.0 0604: 8086:9a09 (rev 01)
	00:0d.0 0c03: 8086:9a13 (rev 01)
	00:10.0 0c80: 8086:a0d8 (rev 20)
	00:10.5 0600: 8086:a0af (rev 20)
	00:14.0 0c03: 8086:a0ed (rev 20)
	00:14.2 0500: 8086:a0ef (rev 20)
	00:15.0 0c80: 8086:a0e8 (rev 20)
	00:15.1 0c80: 8086:a0e9 (rev 20)
	00:15.2 0c80: 8086:a0ea (rev 20)
	00:15.3 0c80: 8086:a0eb (rev 20)
	00:16.0 0780: 8086:a0e0 (rev 20)
	00:17.0 0106: 8086:a0d3 (rev 20)
	00:19.0 0c80: 8086:a0c5 (rev 20)
	00:19.2 0780: 8086:a0c7 (rev 20)
	00:1c.0 0604: 8086:a0b8 (rev 20)
	00:1c.7 0604: 8086:a0bf (rev 20)
	00:1d.0 0604: 8086:a0b0 (rev 20)
	00:1d.1 0604: 8086:a0b1 (rev 20)
	00:1e.0 0780: 8086:a0a8 (rev 20)
	00:1e.1 0780: 8086:a0a9 (rev 20)
	00:1e.2 0c80: 8086:a0aa (rev 20)
	00:1e.3 0c80: 8086:a0ab (rev 20)
	00:1f.0 0601: 8086:a088 (rev 20)
	00:1f.3 0403: 8086:a0c8 (rev 20)
	00:1f.4 0c05: 8086:a0a3 (rev 20)
	00:1f.5 0c80: 8086:a0a4 (rev 20)
	00:1f.6 0200: 8086:15fb (rev 20)
	01:00.0 0108: 8086:f1a6 (rev 03)
	03:00.0 0200: 8086:1533 (rev 01)
	05:00.0 0200: 8086:1533 (rev 01)
	</PCI_VID_PID>

	<WAKE_VECTOR_INFO>
	#define WAKE_VECTOR_32          0x4354900CUL
	#define WAKE_VECTOR_64          0x43549018UL
	</WAKE_VECTOR_INFO>

	<RESET_REGISTER_INFO>
	#define RESET_REGISTER_ADDRESS  0xCF9UL
	#define RESET_REGISTER_SPACE_ID SPACE_SYSTEM_IO
	#define RESET_REGISTER_VALUE    0x6U
	</RESET_REGISTER_INFO>

	<PM_INFO>
	#define PM1A_EVT_SPACE_ID       SPACE_SYSTEM_IO
	#define PM1A_EVT_BIT_WIDTH      0x20U
	#define PM1A_EVT_BIT_OFFSET     0x0U
	#define PM1A_EVT_ADDRESS        0x1800UL
	#define PM1A_EVT_ACCESS_SIZE    0x2U
	#define PM1B_EVT_SPACE_ID       SPACE_SYSTEM_IO
	#define PM1B_EVT_BIT_WIDTH      0x0U
	#define PM1B_EVT_BIT_OFFSET     0x0U
	#define PM1B_EVT_ADDRESS        0x0UL
	#define PM1B_EVT_ACCESS_SIZE    0x2U
	#define PM1A_CNT_SPACE_ID       SPACE_SYSTEM_IO
	#define PM1A_CNT_BIT_WIDTH      0x10U
	#define PM1A_CNT_BIT_OFFSET     0x0U
	#define PM1A_CNT_ADDRESS        0x1804UL
	#define PM1A_CNT_ACCESS_SIZE    0x2U
	#define PM1B_CNT_SPACE_ID       SPACE_SYSTEM_IO
	#define PM1B_CNT_BIT_WIDTH      0x0U
	#define PM1B_CNT_BIT_OFFSET     0x0U
	#define PM1B_CNT_ADDRESS        0x0UL
	#define PM1B_CNT_ACCESS_SIZE    0x2U
	</PM_INFO>

	<S3_INFO>
	#define S3_PKG_VAL_PM1A         0x5U
	#define S3_PKG_VAL_PM1B         0U
	#define S3_PKG_RESERVED         0x0U
	</S3_INFO>

	<S5_INFO>
	#define S5_PKG_VAL_PM1A         0x7U
	#define S5_PKG_VAL_PM1B         0U
	#define S5_PKG_RESERVED         0x0U
	</S5_INFO>

	<DRHD_INFO>
	#define DRHD_COUNT              2U

	#define DRHD0_DEV_CNT           0x1U
	#define DRHD0_SEGMENT           0x0U
	#define DRHD0_FLAGS             0x0U
	#define DRHD0_REG_BASE          0xFED90000UL
	#define DRHD0_IGNORE            true
	#define DRHD0_DEVSCOPE0_TYPE    0x1U
	#define DRHD0_DEVSCOPE0_ID      0x0U
	#define DRHD0_DEVSCOPE0_BUS     0x0U
	#define DRHD0_DEVSCOPE0_PATH    0x10U

	#define DRHD1_DEV_CNT           0x2U
	#define DRHD1_SEGMENT           0x0U
	#define DRHD1_FLAGS             0x1U
	#define DRHD1_REG_BASE          0xFED91000UL
	#define DRHD1_IGNORE            false
	#define DRHD1_DEVSCOPE0_TYPE    0x3U
	#define DRHD1_DEVSCOPE0_ID      0x2U
	#define DRHD1_DEVSCOPE0_BUS     0x0U
	#define DRHD1_DEVSCOPE0_PATH    0xf7U
	#define DRHD1_DEVSCOPE1_TYPE    0x4U
	#define DRHD1_DEVSCOPE1_ID      0x0U
	#define DRHD1_DEVSCOPE1_BUS     0x0U
	#define DRHD1_DEVSCOPE1_PATH    0xf6U

	</DRHD_INFO>

	<CPU_BRAND>
	"11th Gen Intel(R) Core(TM) i5-1145GRE @ 2.60GHz"
	</CPU_BRAND>

	<CX_INFO>
	{{SPACE_FFixedHW, 0x00U, 0x00U, 0x00U, 0x00UL}, 0x01U, 0x00U, 0x00U},	/* C1 */
	</CX_INFO>

	<PX_INFO>
	/* Px data is not available */
	</PX_INFO>

	<MMCFG_BASE_INFO>
	/* PCI mmcfg base of MCFG */
	#define DEFAULT_PCI_MMCFG_BASE   0xc0000000UL
	</MMCFG_BASE_INFO>

	<TPM_INFO>
	TPM2
	</TPM_INFO>

	<CLOS_INFO>
	rdt resources supported: L2
	rdt resource clos max: 8
	rdt resource mask max: '0xfffff'
	</CLOS_INFO>

	<IOMEM_INFO>
	00000000-00000fff : Reserved
	00001000-0009efff : System RAM
	0009f000-000fffff : Reserved
	  000a0000-000bffff : PCI Bus 0000:00
	  000c0000-000c3fff : PCI Bus 0000:00
	  000c4000-000c7fff : PCI Bus 0000:00
	  000c8000-000cbfff : PCI Bus 0000:00
	  000cc000-000cffff : PCI Bus 0000:00
	  000d0000-000d3fff : PCI Bus 0000:00
	  000d4000-000d7fff : PCI Bus 0000:00
	  000d8000-000dbfff : PCI Bus 0000:00
	  000dc000-000dffff : PCI Bus 0000:00
	  000e0000-000e3fff : PCI Bus 0000:00
	  000e4000-000e7fff : PCI Bus 0000:00
	  000e8000-000ebfff : PCI Bus 0000:00
	  000ec000-000effff : PCI Bus 0000:00
	  000f0000-000fffff : PCI Bus 0000:00
	    000f0000-000fffff : System ROM
	00100000-402c4fff : System RAM
	402c5000-433c4fff : Reserved
	433c5000-43490fff : ACPI Tables
	43491000-4354afff : ACPI Non-volatile Storage
	4354b000-43efefff : Reserved
	  43e37618-43e37618 : wdat_wdt
	43eff000-43efffff : System RAM
	43f00000-49ffffff : Reserved
	4a200000-4a3fffff : Reserved
	4b000000-503fffff : Reserved
	  4c800000-503fffff : Graphics Stolen Memory
	50400000-bfffffff : PCI Bus 0000:00
	  50400000-504fffff : PCI Bus 0000:05
	    50400000-5047ffff : 0000:05:00.0
	      50400000-5047ffff : igb
	    50480000-50483fff : 0000:05:00.0
	      50480000-50483fff : igb
	  50500000-505fffff : PCI Bus 0000:03
	    50500000-5057ffff : 0000:03:00.0
	      50500000-5057ffff : igb
	    50580000-50583fff : 0000:03:00.0
	      50580000-50583fff : igb
	  50600000-506fffff : PCI Bus 0000:01
	    50600000-50603fff : 0000:01:00.0
	      50600000-50603fff : nvme
	  50700000-5071ffff : 0000:00:1f.6
	    50700000-5071ffff : e1000e
	  50720000-50721fff : 0000:00:17.0
	    50720000-50721fff : ahci
	  50722000-507227ff : 0000:00:17.0
	    50722000-507227ff : ahci
	  50723000-507230ff : 0000:00:17.0
	    50723000-507230ff : ahci
	  50724000-50724fff : 0000:00:1f.5
	c0000000-cfffffff : PCI MMCONFIG 0000 [bus 00-ff]
	  c0000000-cfffffff : Reserved
	fd000000-fd68ffff : pnp 00:0c
	fd690000-fd69ffff : INT34C5:00
	  fd690000-fd69ffff : INT34C5:00 INT34C5:00
	fd6a0000-fd6affff : INT34C5:00
	  fd6a0000-fd6affff : INT34C5:00 INT34C5:00
	fd6b0000-fd6cffff : pnp 00:0c
	fd6d0000-fd6dffff : INT34C5:00
	  fd6d0000-fd6dffff : INT34C5:00 INT34C5:00
	fd6e0000-fd6effff : INT34C5:00
	  fd6e0000-fd6effff : INT34C5:00 INT34C5:00
	fd6f0000-fdffffff : pnp 00:0c
	fe000000-fe010fff : Reserved
	fe04c000-fe04ffff : pnp 00:0c
	fe050000-fe0affff : pnp 00:0c
	fe0d0000-fe0fffff : pnp 00:0c
	fe200000-fe7fffff : pnp 00:0c
	fec00000-fec00fff : Reserved
	  fec00000-fec003ff : IOAPIC 0
	fed00000-fed00fff : Reserved
	  fed00000-fed003ff : HPET 0
	    fed00000-fed003ff : PNP0103:00
	fed20000-fed7ffff : Reserved
	  fed40000-fed44fff : MSFT0101:00
	    fed40000-fed44fff : MSFT0101:00
	fed90000-fed90fff : dmar0
	fed91000-fed91fff : dmar1
	feda0000-feda0fff : pnp 00:0b
	feda1000-feda1fff : pnp 00:0b
	fedc0000-fedc7fff : pnp 00:0b
	fee00000-fee00fff : Local APIC
	  fee00000-fee00fff : Reserved
	ff000000-ffffffff : Reserved
	  ff000000-ffffffff : pnp 00:0c
	100000000-48fbfffff : System RAM
	  185400000-186200db6 : Kernel code
	  186400000-18693afff : Kernel rodata
	  186a00000-186c80cbf : Kernel data
	  186f37000-1873fffff : Kernel bss
	48fc00000-48fffffff : RAM buffer
	4000000000-7fffffffff : PCI Bus 0000:00
	  4000000000-400fffffff : 0000:00:02.0
	  4010000000-4016ffffff : 0000:00:02.0
	  4017000000-4017000fff : 0000:00:10.0
	    4017000000-40170001ff : lpss_dev
	      4017000000-40170001ff : i2c_designware.0 lpss_dev
	    4017000200-40170002ff : lpss_priv
	  4017001000-4017001fff : 0000:00:15.0
	    4017001000-40170011ff : lpss_dev
	      4017001000-40170011ff : i2c_designware.1 lpss_dev
	    4017001200-40170012ff : lpss_priv
	    4017001800-4017001fff : idma64.1
	      4017001800-4017001fff : idma64.1 idma64.1
	  4017002000-4017002fff : 0000:00:15.1
	    4017002000-40170021ff : lpss_dev
	      4017002000-40170021ff : i2c_designware.2 lpss_dev
	    4017002200-40170022ff : lpss_priv
	    4017002800-4017002fff : idma64.2
	      4017002800-4017002fff : idma64.2 idma64.2
	  4017003000-4017003fff : 0000:00:15.2
	    4017003000-40170031ff : lpss_dev
	      4017003000-40170031ff : i2c_designware.3 lpss_dev
	    4017003200-40170032ff : lpss_priv
	    4017003800-4017003fff : idma64.3
	      4017003800-4017003fff : idma64.3 idma64.3
	  4017004000-4017004fff : 0000:00:15.3
	    4017004000-40170041ff : lpss_dev
	      4017004000-40170041ff : i2c_designware.4 lpss_dev
	    4017004200-40170042ff : lpss_priv
	    4017004800-4017004fff : idma64.4
	      4017004800-4017004fff : idma64.4 idma64.4
	  4017005000-4017005fff : 0000:00:19.0
	    4017005000-40170051ff : lpss_dev
	      4017005000-40170051ff : i2c_designware.5 lpss_dev
	    4017005200-40170052ff : lpss_priv
	    4017005800-4017005fff : idma64.5
	      4017005800-4017005fff : idma64.5 idma64.5
	  4017006000-4017006fff : 0000:00:19.2
	    4017006000-40170061ff : lpss_dev
	      4017006000-401700601f : serial
	    4017006200-40170062ff : lpss_priv
	    4017006800-4017006fff : idma64.6
	      4017006800-4017006fff : idma64.6 idma64.6
	  4017007000-4017007fff : 0000:00:1e.0
	    4017007000-40170071ff : lpss_dev
	      4017007000-401700701f : serial
	    4017007200-40170072ff : lpss_priv
	    4017007800-4017007fff : idma64.7
	      4017007800-4017007fff : idma64.7 idma64.7
	  4017008000-4017008fff : 0000:00:1e.1
	    4017008000-40170081ff : lpss_dev
	      4017008000-401700801f : serial
	    4017008200-40170082ff : lpss_priv
	    4017008800-4017008fff : idma64.8
	      4017008800-4017008fff : idma64.8 idma64.8
	  4017009000-4017009fff : 0000:00:1e.2
	    4017009000-40170091ff : lpss_dev
	      4017009000-40170091ff : pxa2xx-spi.9 lpss_dev
	    4017009200-40170092ff : lpss_priv
	    4017009800-4017009fff : idma64.9
	      4017009800-4017009fff : idma64.9 idma64.9
	  401700a000-401700afff : 0000:00:1e.3
	    401700a000-401700a1ff : lpss_dev
	      401700a000-401700a1ff : pxa2xx-spi.10 lpss_dev
	    401700a200-401700a2ff : lpss_priv
	    401700a800-401700afff : idma64.10
	      401700a800-401700afff : idma64.10 idma64.10
	  4020000000-40ffffffff : 0000:00:02.0
	  6000000000-6000ffffff : 0000:00:02.0
	  6001000000-60010fffff : 0000:00:1f.3
	    6001000000-60010fffff : ICH HD audio
	  6001100000-600110ffff : 0000:00:14.0
	    6001100000-600110ffff : xhci-hcd
	  6001110000-600111ffff : 0000:00:0d.0
	    6001110000-600111ffff : xhci-hcd
	  6001120000-6001123fff : 0000:00:1f.3
	    6001120000-6001123fff : ICH HD audio
	  6001124000-6001127fff : 0000:00:14.2
	  6001128000-60011280ff : 0000:00:1f.4
	  600112f000-600112ffff : 0000:00:16.0
	    600112f000-600112ffff : mei_me
	  6001134000-6001134fff : 0000:00:14.2
	</IOMEM_INFO>

	<BLOCK_DEVICE_INFO>
	/dev/nvme0n1p2: TYPE="ext4"
	/dev/sda2: TYPE="ext4"
	</BLOCK_DEVICE_INFO>

	<TTYS_INFO>
	seri:/dev/ttyS4 type:portio base:0x240 irq:5
	seri:/dev/ttyS5 type:portio base:0x248 irq:5
	seri:/dev/ttyS6 type:portio base:0x250 irq:5
	seri:/dev/ttyS7 type:portio base:0x258 irq:5
	</TTYS_INFO>

	<AVAILABLE_IRQ_INFO>
	3, 4, 6, 7, 10, 11, 13, 15
	</AVAILABLE_IRQ_INFO>

	<TOTAL_MEM_INFO>
	15620224 kB
	</TOTAL_MEM_INFO>

	<CPU_PROCESSOR_INFO>
	0, 1, 2, 3
	</CPU_PROCESSOR_INFO>

	<MAX_MSIX_TABLE_NUM>
	16
	</MAX_MSIX_TABLE_NUM>

	<RTCT>
	</RTCT>

</acrn-config>
